[    0.000000] Linux version 4.15.0-194-generic (buildd@lcy02-amd64-052) (gcc version 7.5.0 (Ubuntu 7.5.0-3ubuntu1~18.04)) #205-Ubuntu SMP Fri Sep 16 19:49:27 UTC 2022 (Ubuntu 4.15.0-194.205-generic 4.15.18)
[    0.000000] Command line: BOOT_IMAGE=/boot/vmlinuz-4.15.0-194-generic root=LABEL=cloudimg-rootfs ro console=tty1 console=ttyS0
[    0.000000] KERNEL supported cpus:
[    0.000000]   Intel GenuineIntel
[    0.000000]   AMD AuthenticAMD
[    0.000000]   Centaur CentaurHauls
[    0.000000] [Firmware Bug]: TSC doesn't count with P0 frequency!
[    0.000000] x86/fpu: Supporting XSAVE feature 0x001: 'x87 floating point registers'
[    0.000000] x86/fpu: Supporting XSAVE feature 0x002: 'SSE registers'
[    0.000000] x86/fpu: Supporting XSAVE feature 0x004: 'AVX registers'
[    0.000000] x86/fpu: xstate_offset[2]:  576, xstate_sizes[2]:  256
[    0.000000] x86/fpu: Enabled xstate features 0x7, context size is 832 bytes, using 'standard' format.
[    0.000000] e820: BIOS-provided physical RAM map:
[    0.000000] BIOS-e820: [mem 0x0000000000000000-0x000000000009fbff] usable
[    0.000000] BIOS-e820: [mem 0x000000000009fc00-0x000000000009ffff] reserved
[    0.000000] BIOS-e820: [mem 0x00000000000f0000-0x00000000000fffff] reserved
[    0.000000] BIOS-e820: [mem 0x0000000000100000-0x000000003ffeffff] usable
[    0.000000] BIOS-e820: [mem 0x000000003fff0000-0x000000003fffffff] ACPI data
[    0.000000] BIOS-e820: [mem 0x00000000fec00000-0x00000000fec00fff] reserved
[    0.000000] BIOS-e820: [mem 0x00000000fee00000-0x00000000fee00fff] reserved
[    0.000000] BIOS-e820: [mem 0x00000000fffc0000-0x00000000ffffffff] reserved
[    0.000000] NX (Execute Disable) protection: active
[    0.000000] SMBIOS 2.5 present.
[    0.000000] DMI: innotek GmbH VirtualBox/VirtualBox, BIOS VirtualBox 12/01/2006
[    0.000000] Hypervisor detected: KVM
[    0.000000] e820: last_pfn = 0x3fff0 max_arch_pfn = 0x400000000
[    0.000000] MTRR: Disabled
[    0.000000] x86/PAT: MTRRs disabled, skipping PAT initialization too.
[    0.000000] CPU MTRRs all blank - virtualized system.
[    0.000000] x86/PAT: Configuration [0-7]: WB  WT  UC- UC  WB  WT  UC- UC  
[    0.000000] found SMP MP-table at [mem 0x0009fff0-0x0009ffff]
[    0.000000] Scanning 1 areas for low memory corruption
[    0.000000] RAMDISK: [mem 0x359cb000-0x36cdcfff]
[    0.000000] ACPI: Early table checksum verification disabled
[    0.000000] ACPI: RSDP 0x00000000000E0000 000024 (v02 VBOX  )
[    0.000000] ACPI: XSDT 0x000000003FFF0030 00003C (v01 VBOX   VBOXXSDT 00000001 ASL  00000061)
[    0.000000] ACPI: FACP 0x000000003FFF00F0 0000F4 (v04 VBOX   VBOXFACP 00000001 ASL  00000061)
[    0.000000] ACPI: DSDT 0x000000003FFF0470 002325 (v02 VBOX   VBOXBIOS 00000002 INTL 20100528)
[    0.000000] ACPI: FACS 0x000000003FFF0200 000040
[    0.000000] ACPI: FACS 0x000000003FFF0200 000040
[    0.000000] ACPI: APIC 0x000000003FFF0240 00005C (v02 VBOX   VBOXAPIC 00000001 ASL  00000061)
[    0.000000] ACPI: SSDT 0x000000003FFF02A0 0001CC (v01 VBOX   VBOXCPUT 00000002 INTL 20100528)
[    0.000000] ACPI: Reserving FACP table memory at [mem 0x3fff00f0-0x3fff01e3]
[    0.000000] ACPI: Reserving DSDT table memory at [mem 0x3fff0470-0x3fff2794]
[    0.000000] ACPI: Reserving FACS table memory at [mem 0x3fff0200-0x3fff023f]
[    0.000000] ACPI: Reserving FACS table memory at [mem 0x3fff0200-0x3fff023f]
[    0.000000] ACPI: Reserving APIC table memory at [mem 0x3fff0240-0x3fff029b]
[    0.000000] ACPI: Reserving SSDT table memory at [mem 0x3fff02a0-0x3fff046b]
[    0.000000] No NUMA configuration found
[    0.000000] Faking a node at [mem 0x0000000000000000-0x000000003ffeffff]
[    0.000000] NODE_DATA(0) allocated [mem 0x3ffc5000-0x3ffeffff]
[    0.000000] kvm-clock: cpu 0, msr 0:3ff44001, primary cpu clock
[    0.000000] kvm-clock: Using msrs 4b564d01 and 4b564d00
[    0.000000] kvm-clock: using sched offset of 4296038528 cycles
[    0.000000] clocksource: kvm-clock: mask: 0xffffffffffffffff max_cycles: 0x1cd42e4dffb, max_idle_ns: 881590591483 ns
[    0.000000] Zone ranges:
[    0.000000]   DMA      [mem 0x0000000000001000-0x0000000000ffffff]
[    0.000000]   DMA32    [mem 0x0000000001000000-0x000000003ffeffff]
[    0.000000]   Normal   empty
[    0.000000]   Device   empty
[    0.000000] Movable zone start for each node
[    0.000000] Early memory node ranges
[    0.000000]   node   0: [mem 0x0000000000001000-0x000000000009efff]
[    0.000000]   node   0: [mem 0x0000000000100000-0x000000003ffeffff]
[    0.000000] Reserved but unavailable: 104 pages
[    0.000000] Initmem setup node 0 [mem 0x0000000000001000-0x000000003ffeffff]
[    0.000000] ACPI: PM-Timer IO Port: 0x4008
[    0.000000] IOAPIC[0]: apic_id 2, version 32, address 0xfec00000, GSI 0-23
[    0.000000] ACPI: INT_SRC_OVR (bus 0 bus_irq 0 global_irq 2 dfl dfl)
[    0.000000] ACPI: INT_SRC_OVR (bus 0 bus_irq 9 global_irq 9 low level)
[    0.000000] Using ACPI (MADT) for SMP configuration information
[    0.000000] smpboot: Allowing 2 CPUs, 0 hotplug CPUs
[    0.000000] PM: Registered nosave memory: [mem 0x00000000-0x00000fff]
[    0.000000] PM: Registered nosave memory: [mem 0x0009f000-0x0009ffff]
[    0.000000] PM: Registered nosave memory: [mem 0x000a0000-0x000effff]
[    0.000000] PM: Registered nosave memory: [mem 0x000f0000-0x000fffff]
[    0.000000] e820: [mem 0x40000000-0xfebfffff] available for PCI devices
[    0.000000] Booting paravirtualized kernel on KVM
[    0.000000] clocksource: refined-jiffies: mask: 0xffffffff max_cycles: 0xffffffff, max_idle_ns: 7645519600211568 ns
[    0.000000] setup_percpu: NR_CPUS:8192 nr_cpumask_bits:2 nr_cpu_ids:2 nr_node_ids:1
[    0.000000] percpu: Embedded 50 pages/cpu s167936 r8192 d28672 u1048576
[    0.000000] PV qspinlock hash table entries: 256 (order: 0, 4096 bytes)
[    0.000000] Built 1 zonelists, mobility grouping on.  Total pages: 257913
[    0.000000] Policy zone: DMA32
[    0.000000] Kernel command line: BOOT_IMAGE=/boot/vmlinuz-4.15.0-194-generic root=LABEL=cloudimg-rootfs ro console=tty1 console=ttyS0
[    0.000000] Memory: 982652K/1048120K available (12300K kernel code, 2477K rwdata, 4320K rodata, 2472K init, 2720K bss, 65468K reserved, 0K cma-reserved)
[    0.000000] SLUB: HWalign=64, Order=0-3, MinObjects=0, CPUs=2, Nodes=1
[    0.000000] ftrace: allocating 39477 entries in 155 pages
[    0.004000] Hierarchical RCU implementation.
[    0.004000] 	RCU restricting CPUs from NR_CPUS=8192 to nr_cpu_ids=2.
[    0.004000] 	Tasks RCU enabled.
[    0.004000] RCU: Adjusting geometry for rcu_fanout_leaf=16, nr_cpu_ids=2
[    0.004000] NR_IRQS: 524544, nr_irqs: 440, preallocated irqs: 16
[    0.004000] random: crng init done
[    0.004000] Console: colour VGA+ 80x25
[    0.004000] console [tty1] enabled
[    0.004000] console [ttyS0] enabled
[    0.004000] ACPI: Core revision 20170831
[    0.004000] ACPI: 2 ACPI AML tables successfully acquired and loaded
[    0.004000] APIC: Switch to symmetric I/O mode setup
[    0.004000] x2apic enabled
[    0.004000] Switched APIC routing to physical x2apic.
[    0.004000] ..TIMER: vector=0x30 apic1=0 pin1=2 apic2=-1 pin2=-1
[    0.004007] tsc: Detected 3094.188 MHz processor
[    0.004766] Calibrating delay loop (skipped) preset value.. 6188.37 BogoMIPS (lpj=12376752)
[    0.005239] pid_max: default: 32768 minimum: 301
[    0.006032] Security Framework initialized
[    0.006651] Yama: becoming mindful.
[    0.007221] AppArmor: AppArmor initialized
[    0.009167] Dentry cache hash table entries: 131072 (order: 8, 1048576 bytes)
[    0.010315] Inode-cache hash table entries: 65536 (order: 7, 524288 bytes)
[    0.012019] Mount-cache hash table entries: 2048 (order: 2, 16384 bytes)
[    0.013021] Mountpoint-cache hash table entries: 2048 (order: 2, 16384 bytes)
[    0.014404] Last level iTLB entries: 4KB 1024, 2MB 1024, 4MB 512
[    0.015320] Last level dTLB entries: 4KB 1536, 2MB 1536, 4MB 768, 1GB 0
[    0.016006] Spectre V1 : Mitigation: usercopy/swapgs barriers and __user pointer sanitization
[    0.017485] Spectre V2 : Mitigation: Retpolines
[    0.018187] Spectre V2 : Spectre v2 / SpectreRSB mitigation: Filling RSB on context switch
[    0.020008] Speculative Store Bypass: Mitigation: Speculative Store Bypass disabled via prctl and seccomp
[    0.021521] Freeing SMP alternatives memory: 36K
[    0.132064] smpboot: CPU0: AMD Ryzen 3 1200 Quad-Core Processor (family: 0x17, model: 0x8, stepping: 0x2)
[    0.133695] Performance Events: PMU not available due to virtualization, using software events only.
[    0.135142] Hierarchical SRCU implementation.
[    0.136232] NMI watchdog: Perf event create on CPU 0 failed with -2
[    0.137183] NMI watchdog: Perf NMI watchdog permanently disabled
[    0.138192] smp: Bringing up secondary CPUs ...
[    0.138996] x86: Booting SMP configuration:
[    0.139682] .... node  #0, CPUs:      #1
[    0.004000] kvm-clock: cpu 1, msr 0:3ff44041, secondary cpu clock
[    0.143460] smp: Brought up 1 node, 2 CPUs
[    0.144007] smpboot: Max logical packages: 1
[    0.144679] smpboot: Total of 2 processors activated (12376.75 BogoMIPS)
[    0.145897] devtmpfs: initialized
[    0.145897] x86/mm: Memory block size: 128MB
[    0.145897] evm: security.selinux
[    0.148004] evm: security.SMACK64
[    0.148605] evm: security.SMACK64EXEC
[    0.149198] evm: security.SMACK64TRANSMUTE
[    0.149882] evm: security.SMACK64MMAP
[    0.150515] evm: security.apparmor
[    0.151083] evm: security.ima
[    0.151083] evm: security.capability
[    0.152112] clocksource: jiffies: mask: 0xffffffff max_cycles: 0xffffffff, max_idle_ns: 7645041785100000 ns
[    0.153490] futex hash table entries: 512 (order: 3, 32768 bytes)
[    0.153490] pinctrl core: initialized pinctrl subsystem
[    0.153490] RTC time: 13:43:02, date: 10/20/22
[    0.153878] NET: Registered protocol family 16
[    0.154678] audit: initializing netlink subsys (disabled)
[    0.156033] audit: type=2000 audit(1666273388.014:1): state=initialized audit_enabled=0 res=1
[    0.160009] cpuidle: using governor ladder
[    0.160679] cpuidle: using governor menu
[    0.160854] ACPI: bus type PCI registered
[    0.160854] acpiphp: ACPI Hot Plug PCI Controller Driver version: 0.5
[    0.164096] PCI: Using configuration type 1 for base access
[    0.164941] PCI: Using configuration type 1 for extended access
[    0.165901] HugeTLB registered 2.00 MiB page size, pre-allocated 0 pages
[    0.168073] ACPI: Added _OSI(Module Device)
[    0.168755] ACPI: Added _OSI(Processor Device)
[    0.169472] ACPI: Added _OSI(3.0 _SCP Extensions)
[    0.170225] ACPI: Added _OSI(Processor Aggregator Device)
[    0.172005] ACPI: Added _OSI(Linux-Dell-Video)
[    0.172720] ACPI: Added _OSI(Linux-Lenovo-NV-HDMI-Audio)
[    0.173511] ACPI: Added _OSI(Linux-HPI-Hybrid-Graphics)
[    0.174584] ACPI: Executed 1 blocks of module-level executable AML code
[    0.178924] ACPI: Interpreter enabled
[    0.178924] ACPI: (supports S0 S5)
[    0.178924] ACPI: Using IOAPIC for interrupt routing
[    0.178924] PCI: Using host bridge windows from ACPI; if necessary, use "pci=nocrs" and report a bug
[    0.179114] ACPI: Enabled 2 GPEs in block 00 to 07
[    0.185074] ACPI: PCI Root Bridge [PCI0] (domain 0000 [bus 00-ff])
[    0.186078] acpi PNP0A03:00: _OSC: OS supports [ExtendedConfig ASPM ClockPM Segments MSI]
[    0.188329] acpi PNP0A03:00: _OSC: platform does not support [PCIeCapability]
[    0.189873] acpi PNP0A03:00: _OSC: not requesting control; platform does not support [PCIeCapability]
[    0.191333] acpi PNP0A03:00: _OSC: OS requested [PCIeHotplug PME AER PCIeCapability]
[    0.196005] acpi PNP0A03:00: _OSC: platform willing to grant [PCIeHotplug PME AER]
[    0.197189] acpi PNP0A03:00: _OSC failed (AE_SUPPORT); disabling ASPM
[    0.198550] PCI host bridge to bus 0000:00
[    0.198550] pci_bus 0000:00: root bus resource [io  0x0000-0x0cf7 window]
[    0.198550] pci_bus 0000:00: root bus resource [io  0x0d00-0xffff window]
[    0.198550] pci_bus 0000:00: root bus resource [mem 0x000a0000-0x000bffff window]
[    0.199189] pci_bus 0000:00: root bus resource [mem 0x40000000-0xfdffffff window]
[    0.204005] pci_bus 0000:00: root bus resource [bus 00-ff]
[    0.206659] pci 0000:00:01.1: legacy IDE quirk: reg 0x10: [io  0x01f0-0x01f7]
[    0.208004] pci 0000:00:01.1: legacy IDE quirk: reg 0x14: [io  0x03f6]
[    0.208987] pci 0000:00:01.1: legacy IDE quirk: reg 0x18: [io  0x0170-0x0177]
[    0.210020] pci 0000:00:01.1: legacy IDE quirk: reg 0x1c: [io  0x0376]
[    0.221441] pci 0000:00:07.0: quirk: [io  0x4000-0x403f] claimed by PIIX4 ACPI
[    0.222599] pci 0000:00:07.0: quirk: [io  0x4100-0x410f] claimed by PIIX4 SMB
[    0.233795] ACPI: PCI Interrupt Link [LNKA] (IRQs 5 9 10 *11)
[    0.235040] ACPI: PCI Interrupt Link [LNKB] (IRQs 5 9 *10 11)
[    0.236133] ACPI: PCI Interrupt Link [LNKC] (IRQs 5 *9 10 11)
[    0.237115] ACPI: PCI Interrupt Link [LNKD] (IRQs 5 9 10 *11)
[    0.238362] SCSI subsystem initialized
[    0.240046] pci 0000:00:02.0: vgaarb: setting as boot VGA device
[    0.240952] pci 0000:00:02.0: vgaarb: VGA device added: decodes=io+mem,owns=io+mem,locks=none
[    0.244016] pci 0000:00:02.0: vgaarb: bridge control possible
[    0.244889] vgaarb: loaded
[    0.245395] ACPI: bus type USB registered
[    0.246064] usbcore: registered new interface driver usbfs
[    0.246942] usbcore: registered new interface driver hub
[    0.247721] usbcore: registered new device driver usb
[    0.248035] EDAC MC: Ver: 3.0.0
[    0.248742] PCI: Using ACPI for IRQ routing
[    0.248983] NetLabel: Initializing
[    0.249565] NetLabel:  domain hash size = 128
[    0.250234] NetLabel:  protocols = UNLABELED CIPSOv4 CALIPSO
[    0.252032] NetLabel:  unlabeled traffic allowed by default
[    0.252887] clocksource: Switched to clocksource kvm-clock
[    0.262119] VFS: Disk quotas dquot_6.6.0
[    0.262119] VFS: Dquot-cache hash table entries: 512 (order 0, 4096 bytes)
[    0.262119] AppArmor: AppArmor Filesystem Enabled
[    0.262119] pnp: PnP ACPI init
[    0.262119] pnp: PnP ACPI: found 3 devices
[    0.280384] clocksource: acpi_pm: mask: 0xffffff max_cycles: 0xffffff, max_idle_ns: 2085701024 ns
[    0.281779] NET: Registered protocol family 2
[    0.283487] IP idents hash table entries: 16384 (order: 5, 131072 bytes)
[    0.284736] TCP established hash table entries: 8192 (order: 4, 65536 bytes)
[    0.285891] TCP bind hash table entries: 8192 (order: 5, 131072 bytes)
[    0.286947] TCP: Hash tables configured (established 8192 bind 8192)
[    0.287978] UDP hash table entries: 512 (order: 2, 16384 bytes)
[    0.288673] UDP-Lite hash table entries: 512 (order: 2, 16384 bytes)
[    0.288673] NET: Registered protocol family 1
[    0.288673] pci 0000:00:00.0: Limiting direct PCI/PCI transfers
[    0.288673] pci 0000:00:01.0: Activating ISA DMA hang workarounds
[    0.288673] pci 0000:00:02.0: Video device with shadowed ROM at [mem 0x000c0000-0x000dffff]
[    0.288673] Unpacking initramfs...
[    0.565406] Freeing initrd memory: 19528K
[    0.565855] clocksource: tsc: mask: 0xffffffffffffffff max_cycles: 0x2c99d56e1c6, max_idle_ns: 440795335437 ns
[    0.565855] platform rtc_cmos: registered platform RTC device (no PNP device found)
[    0.565855] Scanning for low memory corruption every 60 seconds
[    0.570297] Initialise system trusted keyrings
[    0.570974] Key type blacklist registered
[    0.571681] workingset: timestamp_bits=36 max_order=18 bucket_order=0
[    0.573428] zbud: loaded
[    0.574392] squashfs: version 4.0 (2009/01/31) Phillip Lougher
[    0.575514] fuse init (API version 7.26)
[    0.580241] Key type asymmetric registered
[    0.580909] Asymmetric key parser 'x509' registered
[    0.581723] Block layer SCSI generic (bsg) driver version 0.4 loaded (major 246)
[    0.583038] io scheduler noop registered
[    0.583651] io scheduler deadline registered
[    0.584382] io scheduler cfq registered (default)
[    0.585398] ACPI: AC Adapter [AC] (on-line)
[    0.586088] input: Power Button as /devices/LNXSYSTM:00/LNXPWRBN:00/input/input0
[    0.587242] ACPI: Power Button [PWRF]
[    0.587918] input: Sleep Button as /devices/LNXSYSTM:00/LNXSLPBN:00/input/input1
[    0.589138] ACPI: Sleep Button [SLPF]
[    0.590101] Serial: 8250/16550 driver, 32 ports, IRQ sharing enabled
[    0.611678] 00:02: ttyS0 at I/O 0x3f8 (irq = 4, base_baud = 115200) is a 16550A
[    0.615728] Linux agpgart interface v0.103
[    0.619367] loop: module loaded
[    0.620478] scsi host0: ata_piix
[    0.621186] scsi host1: ata_piix
[    0.621766] ata1: PATA max UDMA/33 cmd 0x1f0 ctl 0x3f6 bmdma 0xd000 irq 14
[    0.622764] ata2: PATA max UDMA/33 cmd 0x170 ctl 0x376 bmdma 0xd008 irq 15
[    0.623826] tun: Universal TUN/TAP device driver, 1.6
[    0.624694] PPP generic driver version 2.4.2
[    0.625434] ehci_hcd: USB 2.0 'Enhanced' Host Controller (EHCI) Driver
[    0.626381] ehci-pci: EHCI PCI platform driver
[    0.627105] ehci-platform: EHCI generic platform driver
[    0.627913] ohci_hcd: USB 1.1 'Open' Host Controller (OHCI) Driver
[    0.628887] ohci-pci: OHCI PCI platform driver
[    0.629594] ohci-platform: OHCI generic platform driver
[    0.630405] uhci_hcd: USB Universal Host Controller Interface driver
[    0.631431] i8042: PNP: PS/2 Controller [PNP0303:PS2K,PNP0f03:PS2M] at 0x60,0x64 irq 1,12
[    0.633204] serio: i8042 KBD port at 0x60,0x64 irq 1
[    0.634004] serio: i8042 AUX port at 0x60,0x64 irq 12
[    0.634952] mousedev: PS/2 mouse device common for all mice
[    0.636479] rtc_cmos rtc_cmos: rtc core: registered rtc_cmos as rtc0
[    0.637520] rtc_cmos rtc_cmos: alarms up to one day, 114 bytes nvram
[    0.638496] i2c /dev entries driver
[    0.639117] device-mapper: uevent: version 1.0.3
[    0.639927] input: AT Translated Set 2 keyboard as /devices/platform/i8042/serio0/input/input2
[    0.641280] device-mapper: ioctl: 4.37.0-ioctl (2017-09-20) initialised: dm-devel@redhat.com
[    0.642675] ledtrig-cpu: registered to indicate activity on CPUs
[    0.644203] NET: Registered protocol family 10
[    0.648024] Segment Routing with IPv6
[    0.648819] NET: Registered protocol family 17
[    0.649727] Key type dns_resolver registered
[    0.650587] mce: Using 0 MCE banks
[    0.651146] RAS: Correctable Errors collector initialized.
[    0.651988] sched_clock: Marking stable (650560598, 0)->(783530633, -132970035)
[    0.653551] registered taskstats version 1
[    0.654217] Loading compiled-in X.509 certificates
[    0.657109] Loaded X.509 cert 'Build time autogenerated kernel key: 6303a3b02fa1c7713b8a75ba7ba622fabd5dd271'
[    0.659059] Loaded X.509 cert 'Canonical Ltd. Live Patch Signing: 14df34d1a87cf37625abec039ef2bf521249b969'
[    0.660959] Loaded X.509 cert 'Canonical Ltd. Kernel Module Signing: 88f752e560a1e0737e31163a466ad7b70a850c19'
[    0.662408] blacklist: Loading compiled-in revocation X.509 certificates
[    0.663431] Loaded X.509 cert 'Canonical Ltd. Secure Boot Signing: 61482aa2830d0ab2ad5af10b7250da9033ddcef0'
[    0.665151] zswap: loaded using pool lzo/zbud
[    0.668826] Key type big_key registered
[    0.669523] Key type trusted registered
[    0.671602] Key type encrypted registered
[    0.672259] AppArmor: AppArmor sha1 policy hashing enabled
[    0.673021] ima: No TPM chip found, activating TPM-bypass! (rc=-19)
[    0.673882] ima: Allocated hash algorithm: sha1
[    0.674535] evm: HMAC attrs: 0x1
[    0.675255]   Magic number: 10:590:736
[    0.675936] rtc_cmos rtc_cmos: setting system clock to 2022-10-20 13:43:03 UTC (1666273383)
[    0.677383] BIOS EDD facility v0.16 2004-Jun-25, 0 devices found
[    0.678237] EDD information not available.
[    0.849638] Freeing unused kernel image memory: 2472K
[    1.541530] Write protecting the kernel read-only data: 20480k
[    1.543018] Freeing unused kernel image memory: 2008K
[    1.544394] Freeing unused kernel image memory: 1824K
[    1.552719] x86/mm: Checked W+X mappings: passed, no W+X pages found.
Loading, please wait...
starting version 237
[    1.600727] e1000: Intel(R) PRO/1000 Network Driver - version 7.3.21-k8-NAPI
[    1.603427] e1000: Copyright (c) 1999-2006 Intel Corporation.
[    1.604545] Fusion MPT base driver 3.04.20
[    1.605220] Copyright (c) 1999-2008 LSI Corporation
[    1.609176] Fusion MPT SPI Host driver 3.04.20
[    1.626381] AVX2 version of gcm_enc/dec engaged.
[    1.627247] AES CTR mode by8 optimization enabled
[    1.836783] input: ImExPS/2 Generic Explorer Mouse as /devices/platform/i8042/serio1/input/input4
[    2.519084] e1000 0000:00:03.0 eth0: (PCI:33MHz:32-bit) 02:ef:f7:70:2e:71
[    2.520216] e1000 0000:00:03.0 eth0: Intel(R) PRO/1000 Network Connection
[    2.522108] mptbase: ioc0: Initiating bringup
[    2.616597] ioc0: LSI53C1030 A0: Capabilities={Initiator}
[    2.857900] scsi host2: ioc0: LSI53C1030 A0, FwRev=00000000h, Ports=1, MaxQ=256, IRQ=20
[    3.024968] scsi 2:0:0:0: Direct-Access     VBOX     HARDDISK         1.0  PQ: 0 ANSI: 5
[    3.056725] scsi target2:0:0: Beginning Domain Validation
[    3.058190] scsi target2:0:0: Domain Validation skipping write tests
[    3.059151] scsi target2:0:0: Ending Domain Validation
[    3.059929] scsi target2:0:0: asynchronous
[    3.060809] scsi 2:0:1:0: Direct-Access     VBOX     HARDDISK         1.0  PQ: 0 ANSI: 5
[    3.357014] scsi target2:0:1: Beginning Domain Validation
[    3.358518] scsi target2:0:1: Domain Validation skipping write tests
[    3.359369] scsi target2:0:1: Ending Domain Validation
[    3.360127] scsi target2:0:1: asynchronous
[    3.364241] sd 2:0:0:0: Attached scsi generic sg0 type 0
[    3.365132] sd 2:0:0:0: [sda] 83886080 512-byte logical blocks: (42.9 GB/40.0 GiB)
[    3.365215] sd 2:0:1:0: Attached scsi generic sg1 type 0
[    3.367852] sd 2:0:0:0: [sda] Write Protect is off
[    3.368738] sd 2:0:0:0: [sda] Incomplete mode parameter data
[    3.368751] sd 2:0:1:0: [sdb] 20480 512-byte logical blocks: (10.5 MB/10.0 MiB)
[    3.369543] sd 2:0:0:0: [sda] Assuming drive cache: write through
[    3.371512] sd 2:0:1:0: [sdb] Write Protect is off
[    3.372383] sd 2:0:1:0: [sdb] Incomplete mode parameter data
[    3.373206] sd 2:0:1:0: [sdb] Assuming drive cache: write through
[    3.382043]  sda: sda1
[    3.383288] sd 2:0:0:0: [sda] Attached SCSI disk
[    3.384341] e1000 0000:00:08.0 eth1: (PCI:33MHz:32-bit) 08:00:27:09:56:cc
[    3.385247] e1000 0000:00:08.0 eth1: Intel(R) PRO/1000 Network Connection
[    3.401577] sd 2:0:1:0: [sdb] Attached SCSI disk
[    3.403164] e1000 0000:00:03.0 enp0s3: renamed from eth0
[    3.468621] e1000 0000:00:08.0 enp0s8: renamed from eth1
Begin: Loading essential drivers ... [    4.920554] raid6: sse2x1   gen()  7324 MB/s
[    4.968429] raid6: sse2x1   xor()  6958 MB/s
[    5.016310] raid6: sse2x2   gen() 14383 MB/s
[    5.064196] raid6: sse2x2   xor()  9247 MB/s
[    5.112081] raid6: sse2x4   gen() 14832 MB/s
[    5.161914] raid6: sse2x4   xor()  7901 MB/s
[    5.208812] raid6: avx2x1   gen() 17071 MB/s
[    5.256686] raid6: avx2x1   xor() 12176 MB/s
[    5.305562] raid6: avx2x2   gen() 22742 MB/s
[    5.352446] raid6: avx2x2   xor() 13196 MB/s
[    5.401309] raid6: avx2x4   gen() 23155 MB/s
[    5.448212] raid6: avx2x4   xor() 10560 MB/s
[    5.448885] raid6: using algorithm avx2x4 gen() 23155 MB/s
[    5.449711] raid6: .... xor() 10560 MB/s, rmw enabled
[    5.450472] raid6: using avx2x2 recovery algorithm
[    5.452170] xor: automatically using best checksumming function   avx       
[    5.453940] async_tx: api initialized (async)
done.
Begin: Running /scripts/init-premount ... done.
Begin: Mounting root file system ... Begin: Running /scripts/local-top ... done.
Begin: Running /scripts/local-premount ... [    5.491355] Btrfs loaded, crc32c=crc32c-intel
Scanning for Btrfs filesystems
done.
Warning: fsck not present, so skipping root file system
[    5.537077] EXT4-fs (sda1): mounted filesystem with ordered data mode. Opts: (null)
done.
Begin: Running /scripts/local-bottom ... done.
Begin: Running /scripts/init-bottom ... done.
[    6.003410] ip_tables: (C) 2000-2006 Netfilter Core Team
[    6.071206] systemd[1]: systemd 237 running in system mode. (+PAM +AUDIT +SELINUX +IMA +APPARMOR +SMACK +SYSVINIT +UTMP +LIBCRYPTSETUP +GCRYPT +GNUTLS +ACL +XZ +LZ4 +SECCOMP +BLKID +ELFUTILS +KMOD -IDN2 +IDN -PCRE2 default-hierarchy=hybrid)
[    6.074336] systemd[1]: Detected virtualization oracle.
[    6.075128] systemd[1]: Detected architecture x86-64.

Welcome to [1mUbuntu 18.04.6 LTS[0m!

[    6.095059] systemd[1]: Set hostname to <ubuntu>.
[    6.126470] systemd[1]: Initializing machine ID from random generator.
[    6.127520] systemd[1]: Installed transient /etc/machine-id file.
[    7.193013] systemd[1]: Set up automount Arbitrary Executable File Formats File System Automount Point.
[[0;32m  OK  [0m] Set up automount Arbitrary Executabâ€¦rmats File System Automount Point.
[    7.195547] systemd[1]: Reached target User and Group Name Lookups.
[[0;32m  OK  [0m] Reached target User and Group Name Lookups.
[    7.197000] systemd[1]: Reached target Swap.
[[0;32m  OK  [0m] Reached target Swap.
[    7.386651] systemd[1]: Started Forward Password Requests to Wall Directory Watch.
[[0;32m  OK  [0m] Started Forward Password Requests to Wall Directory Watch.
[[0;32m  OK  [0m] Created slice System Slice.
[[0;32m  OK  [0m] Created slice system-serial\x2dgetty.slice.
[[0;32m  OK  [0m] Listening on Journal Socket.
         Mounting Huge Pages File System...
[[0;32m  OK  [0m] Listening on /dev/initctl Compatibility Named Pipe.
[[0;32m  OK  [0m] Listening on Journal Socket (/dev/log).
[[0;32m  OK  [0m] Listening on Device-mapper event daemon FIFOs.
[[0;32m  OK  [0m] Listening on Syslog Socket.
         Starting Set the console keyboard layout...
         Mounting POSIX Message Queue File System...
[[0;32m  OK  [0m] Listening on Network Service Netlink Socket.
[[0;32m  OK  [0m] Listening on fsck to fsckd communication Socket.
         Starting File System Check on Root Device...
[[0;32m  OK  [0m] Listening on LVM2 metadata daemon socket.
         Starting Create list of required stâ€¦ce nodes for the current kernel...
[[0;32m  OK  [0m] Listening on udev Kernel Socket.
[[0;32m  OK  [0m] Created slice User and Session Slice.
[[0;32m  OK  [0m] Reached target Slices.
         Starting Load Kernel Modules...
         Mounting Kernel Debug File System...
[[0;32m  OK  [0m] Reached target System Time Synchronized.
         Starting Monitoring of LVM2 mirrorsâ€¦ng dmeventd or progress polling...
         Starting Uncomplicated firewall...
[[0;32m  OK  [0m] Listening on Journal Audit Socket.
         Starting Journal Service...
[[0;32m  OK  [0m] Listening on LVM2 poll daemon socket.
[[0;32m  OK  [0m] Listening on udev Control Socket.
         Starting udev Coldplug all Devices...
[[0;32m  OK  [0m] Mounted Huge Pages File System.
[[0;32m  OK  [0m] Mounted POSIX Message Queue File System.
[[0;32m  OK  [0m] Started Create list of required staâ€¦vice nodes for the current kernel.
[[0;32m  OK  [0m] Mounted Kernel Debug File System.
[[0;32m  OK  [0m] Started File System Check Daemon to report status.
         Starting Create Static Device Nodes in /dev...
[    7.528284] Loading iSCSI transport class v2.0-870.
[[0;32m  OK  [0m] Started Uncomplicated firewall.
[[0;32m  OK  [0m] Started udev Coldplug all Devices.
[[0;32m  OK  [0m] Started File System Check on Root Device.
         Starting Remount Root and Kernel File Systems...
[[0;32m  OK  [0m] Started Journal Service.
[    7.816513] iscsi: registered transport (tcp)
[[0;32m  OK  [0m] Started Create Static Device Nodes in /dev.
[    7.906297] EXT4-fs (sda1): re-mounted. Opts: (null)
[[0;32m  OK  [0m] Started Remount Root and Kernel File Systems.
[[0;32m  OK  [0m] Started LVM2 metadata daemon.
         Starting Flush Journal to Persistent Storage...
         Starting Load/Save Random Seed...
         Starting udev Kernel Device Manager...
[    8.015957] systemd-journald[409]: Received request to flush runtime journal from PID 1
[[0;32m  OK  [0m] Started Load/Save Random Seed.
[    8.042897] iscsi: registered transport (iser)
[[0;32m  OK  [0m] Started Load Kernel Modules.
         Mounting FUSE Control File System...
         Mounting Kernel Configuration File System...
         Starting Apply Kernel Variables...
[[0;32m  OK  [0m] Mounted FUSE Control File System.
[[0;32m  OK  [0m] Mounted Kernel Configuration File System.
[[0;32m  OK  [0m] Started Monitoring of LVM2 mirrors,â€¦sing dmeventd or progress polling.
[[0;32m  OK  [0m] Started udev Kernel Device Manager.
[[0;32m  OK  [0m] Started Apply Kernel Variables.
[[0;32m  OK  [0m] Started Flush Journal to Persistent Storage.
[[0;32m  OK  [0m] Found device /dev/ttyS0.
[[0;32m  OK  [0m] Listening on Load/Save RF Kill Switch Status /dev/rfkill Watch.
[[0;32m  OK  [0m] Started Set the console keyboard layout.
[[0;32m  OK  [0m] Reached target Local File Systems (Pre).
[[0;32m  OK  [0m] Reached target Local File Systems.
         Starting Set console font and keymap...
         Starting Create Volatile Files and Directories...
         Starting AppArmor initialization...
         Starting Tell Plymouth To Write Out Runtime Data...
         Starting ebtables ruleset management...
         Starting Commit a transient machine-id on disk...
[[0;32m  OK  [0m] Started Dispatch Password Requests to Console Directory Watch.
[[0;32m  OK  [0m] Reached target Local Encrypted Volumes.
[[0;32m  OK  [0m] Started Tell Plymouth To Write Out Runtime Data.
[[0;32m  OK  [0m] Started Commit a transient machine-id on disk.
[[0;32m  OK  [0m] Started Create Volatile Files and Directories.
         Starting Update UTMP about System Boot/Shutdown...
[[0;32m  OK  [0m] Started Update UTMP about System Boot/Shutdown.
[[0;32m  OK  [0m] Started ebtables ruleset management.
[[0;32m  OK  [0m] Started Set console font and keymap.
[[0;32m  OK  [0m] Started AppArmor initialization.
         Starting Initial cloud-init job (pre-networking)...
         Starting Load AppArmor profiles managed internally by snapd...
[[0;32m  OK  [0m] Started Load AppArmor profiles managed internally by snapd.
[   12.922909] cloud-init[897]: Cloud-init v. 22.3.4-0ubuntu1~18.04.1 running 'init-local' at Thu, 20 Oct 2022 13:43:15 +0000. Up 12.51 seconds.
[[0;32m  OK  [0m] Started Initial cloud-init job (pre-networking).
[[0;32m  OK  [0m] Reached target Network (Pre).
         Starting Network Service...
[[0;32m  OK  [0m] Started Network Service.
         Starting Wait for Network to be Configured...
         Starting Network Name Resolution...
[[0;32m  OK  [0m] Started Network Name Resolution.
[[0;32m  OK  [0m] Reached target Network.
[[0;32m  OK  [0m] Reached target Host and Network Name Lookups.
[[0;32m  OK  [0m] Started Wait for Network to be Configured.
         Starting Initial cloud-init job (metadata service crawler)...
[   15.021800] cloud-init[1033]: Cloud-init v. 22.3.4-0ubuntu1~18.04.1 running 'init' at Thu, 20 Oct 2022 13:43:17 +0000. Up 14.89 seconds.
[   15.022988] cloud-init[1033]: ci-info: ++++++++++++++++++++++++++++++++++++++Net device info+++++++++++++++++++++++++++++++++++++++
[   15.024335] cloud-init[1033]: ci-info: +--------+-------+----------------------------+---------------+--------+-------------------+
[   15.025627] cloud-init[1033]: ci-info: | Device |   Up  |          Address           |      Mask     | Scope  |     Hw-Address    |
[   15.026868] cloud-init[1033]: ci-info: +--------+-------+----------------------------+---------------+--------+-------------------+
[   15.028184] cloud-init[1033]: ci-info: | enp0s3 |  True |         10.0.2.15          | 255.255.255.0 | global | 02:ef:f7:70:2e:71 |
[   15.029417] cloud-init[1033]: ci-info: | enp0s3 |  True | fe80::ef:f7ff:fe70:2e71/64 |       .       |  link  | 02:ef:f7:70:2e:71 |
[   15.030627] cloud-init[1033]: ci-info: | enp0s8 | False |             .              |       .       |   .    | 08:00:27:09:56:cc |
[   15.031913] cloud-init[1033]: ci-info: |   lo   |  True |         127.0.0.1          |   255.0.0.0   |  host  |         .         |
[   15.033182] cloud-init[1033]: ci-info: |   lo   |  True |          ::1/128           |       .       |  host  |         .         |
[   15.034386] cloud-init[1033]: ci-info: +--------+-------+----------------------------+---------------+--------+-------------------+
[   15.035547] cloud-init[1033]: ci-info: ++++++++++++++++++++++++++++Route IPv4 info+++++++++++++++++++++++++++++
[   15.036662] cloud-init[1033]: ci-info: +-------+-------------+----------+-----------------+-----------+-------+
[   15.037780] cloud-init[1033]: ci-info: | Route | Destination | Gateway  |     Genmask     | Interface | Flags |
[   15.038879] cloud-init[1033]: ci-info: +-------+-------------+----------+-----------------+-----------+-------+
[   15.039965] cloud-init[1033]: ci-info: |   0   |   0.0.0.0   | 10.0.2.2 |     0.0.0.0     |   enp0s3  |   UG  |
[   15.041025] cloud-init[1033]: ci-info: |   1   |   10.0.2.0  | 0.0.0.0  |  255.255.255.0  |   enp0s3  |   U   |
[   15.042164] cloud-init[1033]: ci-info: |   2   |   10.0.2.2  | 0.0.0.0  | 255.255.255.255 |   enp0s3  |   UH  |
[   15.043361] cloud-init[1033]: ci-info: +-------+-------------+----------+-----------------+-----------+-------+
[   15.044470] cloud-init[1033]: ci-info: +++++++++++++++++++Route IPv6 info+++++++++++++++++++
[   15.045412] cloud-init[1033]: ci-info: +-------+-------------+---------+-----------+-------+
[   15.046394] cloud-init[1033]: ci-info: | Route | Destination | Gateway | Interface | Flags |
[   15.047386] cloud-init[1033]: ci-info: +-------+-------------+---------+-----------+-------+
[   15.048396] cloud-init[1033]: ci-info: |   1   |  fe80::/64  |    ::   |   enp0s3  |   U   |
[   15.049349] cloud-init[1033]: ci-info: |   3   |    local    |    ::   |   enp0s3  |   U   |
[   15.050305] cloud-init[1033]: ci-info: |   4   |   ff00::/8  |    ::   |   enp0s3  |   U   |
[   15.051293] cloud-init[1033]: ci-info: +-------+-------------+---------+-----------+-------+
[   16.642277] cloud-init[1033]: Generating public/private rsa key pair.
[   16.643121] cloud-init[1033]: Your identification has been saved in /etc/ssh/ssh_host_rsa_key.
[   16.644201] cloud-init[1033]: Your public key has been saved in /etc/ssh/ssh_host_rsa_key.pub.
[   16.645132] cloud-init[1033]: The key fingerprint is:
[   16.645820] cloud-init[1033]: SHA256:B8WYySshkfcnMqmg+5StAkk45S/lLXjsZ1lxOvIWnI0 root@ubuntu-bionic
[   16.646791] cloud-init[1033]: The key's randomart image is:
[   16.647524] cloud-init[1033]: +---[RSA 2048]----+
[   16.648304] cloud-init[1033]: |    .o . =.      |
[   16.648941] cloud-init[1033]: |  . o o =..      |
[   16.649563] cloud-init[1033]: |.o   o +..       |
[   16.650169] cloud-init[1033]: |o.o . = =.o      |
[   16.650786] cloud-init[1033]: |.+ B o =SX.      |
[   16.651389] cloud-init[1033]: |+ ooB o E..      |
[   16.652377] cloud-init[1033]: |..o+.. = o       |
[   16.653035] cloud-init[1033]: |o. .. + o        |
[   16.653615] cloud-init[1033]: | oo  o .         |
[   16.654287] cloud-init[1033]: +----[SHA256]-----+
[   16.654938] cloud-init[1033]: Generating public/private dsa key pair.
[   16.655752] cloud-init[1033]: Your identification has been saved in /etc/ssh/ssh_host_dsa_key.
[   16.656766] cloud-init[1033]: Your public key has been saved in /etc/ssh/ssh_host_dsa_key.pub.
[   16.657705] cloud-init[1033]: The key fingerprint is:
[   16.658404] cloud-init[1033]: SHA256:WFLC55aFk2BGwgTDSeyvzR+0vW/8uIiBRmCOIoaHkjE root@ubuntu-bionic
[   16.659397] cloud-init[1033]: The key's randomart image is:
[   16.660154] cloud-init[1033]: +---[DSA 1024]----+
[   16.660810] cloud-init[1033]: | ++=oo*..o       |
[   16.661450] cloud-init[1033]: |  +..+.o= .      |
[   16.662119] cloud-init[1033]: |E.o   .o.+       |
[   16.662770] cloud-init[1033]: |.O..   ++        |
[   16.663424] cloud-init[1033]: |O.o.. o.S        |
[   16.664041] cloud-init[1033]: |=. ..o o         |
[   16.664761] cloud-init[1033]: |   +o + ..       |
[   16.665409] cloud-init[1033]: |  ..o  + oo.     |
[   16.666067] cloud-init[1033]: |     .o oo+o.    |
[   16.666745] cloud-init[1033]: +----[SHA256]-----+
[   16.667402] cloud-init[1033]: Generating public/private ecdsa key pair.
[   16.668206] cloud-init[1033]: Your identification has been saved in /etc/ssh/ssh_host_ecdsa_key.
[   16.669246] cloud-init[1033]: Your public key has been saved in /etc/ssh/ssh_host_ecdsa_key.pub.
[   16.670213] cloud-init[1033]: The key fingerprint is:
[   16.670873] cloud-init[1033]: SHA256:OXzeh98P68TNPYPetaIYbkdYT50GIvT5uK/zO1tCmI0 root@ubuntu-bionic
[   16.671932] cloud-init[1033]: The key's randomart image is:
[   16.672693] cloud-init[1033]: +---[ECDSA 256]---+
[   16.673354] cloud-init[1033]: |        ..       |
[   16.673968] cloud-init[1033]: |         .....   |
[   16.674630] cloud-init[1033]: |          .o. o .|
[   16.675243] cloud-init[1033]: |       . . .B. + |
[   16.675834] cloud-init[1033]: |        S +Eo+.  |
[   16.676512] cloud-init[1033]: |         = oo+.o.|
[   16.677135] cloud-init[1033]: |         .o.oo=+=|
[   16.688379] cloud-init[[0;32m  OK  [0m] Started Initial cloud-init job (metadata service crawler).
[[0;32m  OK  [0m] Reached target Network is Online.
[1033]: |        ..ooo*++=|[[0;32m  OK  [0m] Reached target Remote File Systems (Pre).
[[0;32m  OK  [0m] Reached target Remote File Systems.

         Starting Availability of block devices...
[[0;32m  OK  [0m] Reached target System Initialization.
         Starting Socket activation for snappy daemon.
[[0;32m  OK  [0m] Started Daily Cleanup of Temporary Directories.
[[0;32m  OK  [0m] Listening on D-Bus System Message Bus Socket.
[[0;32m  OK  [0m] Listening on Open-iSCSI iscsid Socket.
[[0;32m  OK  [0m] Listening on ACPID Listen Socket.
[[0;32m  OK  [0m] Started ACPI Events Check.
[   16.698274] cloud-init[1033]: |        .o.o=BOo+|
[   16.698814] cloud-init[1033]: +----[SHA256]-----+
[   16.699352] cloud-init[1033]: Generating public/private ed25519 key pair.
[   16.700049] cloud-init[1033]: Your identification has been saved in /etc/ssh/ssh_host_ed25519_key.
[   16.700926] cloud-init[1033]: Your public key has been saved in /etc/ssh/ssh_host_ed25519_key.pub.
[   16.701751] cloud-init[1033]: The key fingerprint is:
[   16.702293] cloud-init[1033]: SHA256:n0PcbfNUNq1BbBu9fLc41lxWORs3ruAMiH+E4nl9AT8 root@ubuntu-bionic
[   16.703223] cloud-init[1033]: The key's randomart image is:
[   16.703812] cloud-init[1033]: +--[ED25519 256]--+
[   16.704310] cloud-init[1033]: |             ....|
[   16.704817] cloud-init[1033]: |         .   .+==|
[   16.705324] cloud-init[1033]: |      . o o  .++%|
[   16.705816] cloud-init[1033]: |     o o + E ..OB|
[   16.706303] cloud-init[1033]: |    . + S * = X.*|
[   16.706799] cloud-init[1033]: |     o o = = * B |
[   16.707310] cloud-init[1033]: |      . . = . . .|
[   16.707817] cloud-init[1033]: |           .     |
[   16.708338] cloud-init[1033]: |                 |
[   16.708842] cloud-init[1033]: +----[SHA256]-----+
         Starting LXD - unix socket.
[[0;32m  OK  [0m] Reached target Paths.
[[0;32m  OK  [0m] Listening on cloud-init hotplug hook socket.
[[0;32m  OK  [0m] Listening on UUID daemon activation socket.
[[0;32m  OK  [0m] Started Ubuntu Advantage Timer for running repeated jobs.
[[0;32m  OK  [0m] Started Daily apt download activities.
[[0;32m  OK  [0m] Started Daily apt upgrade and clean activities.
[[0;32m  OK  [0m] Started Message of the Day.
[[0;32m  OK  [0m] Started Discard unused blocks once a week.
[[0;32m  OK  [0m] Reached target Timers.
[[0;32m  OK  [0m] Reached target Cloud-config availability.
[[0;32m  OK  [0m] Listening on Socket activation for snappy daemon.
[[0;32m  OK  [0m] Listening on LXD - unix socket.
[[0;32m  OK  [0m] Reached target Sockets.
[[0;32m  OK  [0m] Reached target Basic System.
         Starting LSB: automatic crash report generation...
         Starting LSB: Record successful boot for GRUB...
[[0;32m  OK  [0m] Started Deferred execution scheduler.
         Starting Pollinate to seed the pseudo random number generator...
         Starting System Logging Service...
         Starting LXD - container startup/shutdown...
[[0;32m  OK  [0m] Started FUSE filesystem for LXC.
[[0;32m  OK  [0m] Started Regular background program processing daemon.
         Starting Dispatcher daemon for systemd-networkd...
[[0;32m  OK  [0m] Started D-Bus System Message Bus.
         Starting Virtualbox guest utils...
         Starting Permit User Sessions...
         Starting Accounts Service...
         Starting Login Service...
[[0;32m  OK  [0m] Started irqbalance daemon.
         Starting Snap Daemon...
[[0;32m  OK  [0m] Started System Logging Service.
[[0;32m  OK  [0m] Started Availability of block devices.
[[0;32m  OK  [0m] Started Permit User Sessions.
         Starting Terminate Plymouth Boot Screen...
         Starting Hold until boot process finishes up...
[[0;32m  OK  [0m] Started Hold until boot process finishes up.
[[0;32m  OK  [0m] Started Serial Getty on ttyS0.
         Starting Set console scheme...
[[0;32m  OK  [0m] Started Terminate Plymouth Boot Screen.
[[0;32m  OK  [0m] Started Set console scheme.
[[0;32m  OK  [0m] Created slice system-getty.slice.
[[0;32m  OK  [0m] Started Getty on tty1.
[[0;32m  OK  [0m] Reached target Login Prompts.
[[0;32m  OK  [0m] Started LSB: automatic crash report generation.
[[0;32m  OK  [0m] Started Login Service.
[[0;32m  OK  [0m] Started Unattended Upgrades Shutdown.
[[0;32m  OK  [0m] Started LSB: Record successful boot for GRUB.
         Starting Authorization Manager...
[[0;32m  OK  [0m] Started Authorization Manager.
[[0;32m  OK  [0m] Started Accounts Service.
[[0;32m  OK  [0m] Started Virtualbox guest utils.
[[0;32m  OK  [0m] Started LXD - container startup/shutdown.
[[0;32m  OK  [0m] Started Dispatcher daemon for systemd-networkd.
[[0;32m  OK  [0m] Started Pollinate to seed the pseudo random number generator.
         Starting OpenBSD Secure Shell server...
[[0;32m  OK  [0m] Started OpenBSD Secure Shell server.
[[0;32m  OK  [0m] Started Snap Daemon.
         Starting Wait until snapd is fully seeded...
[[0;32m  OK  [0m] Created slice User Slice of vagrant.
         Starting User Manager for UID 1000...
[[0;32m  OK  [0m] Started Session 1 of user vagrant.
[[0;32m  OK  [0m] Started User Manager for UID 1000.
         Starting Time & Date Service...
[[0;32m  OK  [0m] Started Time & Date Service.

Ubuntu 18.04.6 LTS ubuntu-bionic ttyS0

ubuntu-bionic login: [   25.075816] cloud-init[1773]: Cloud-init v. 22.3.4-0ubuntu1~18.04.1 running 'modules:config' at Thu, 20 Oct 2022 13:43:26 +0000. Up 23.29 seconds.
ci-info: no authorized SSH keys fingerprints found for user ubuntu.
<14>Oct 20 13:43:28 cloud-init: #############################################################
<14>Oct 20 13:43:28 cloud-init: -----BEGIN SSH HOST KEY FINGERPRINTS-----
<14>Oct 20 13:43:28 cloud-init: 1024 SHA256:WFLC55aFk2BGwgTDSeyvzR+0vW/8uIiBRmCOIoaHkjE root@ubuntu-bionic (DSA)
<14>Oct 20 13:43:28 cloud-init: 256 SHA256:OXzeh98P68TNPYPetaIYbkdYT50GIvT5uK/zO1tCmI0 root@ubuntu-bionic (ECDSA)
<14>Oct 20 13:43:28 cloud-init: 256 SHA256:n0PcbfNUNq1BbBu9fLc41lxWORs3ruAMiH+E4nl9AT8 root@ubuntu-bionic (ED25519)
<14>Oct 20 13:43:28 cloud-init: 2048 SHA256:B8WYySshkfcnMqmg+5StAkk45S/lLXjsZ1lxOvIWnI0 root@ubuntu-bionic (RSA)
<14>Oct 20 13:43:28 cloud-init: -----END SSH HOST KEY FINGERPRINTS-----
<14>Oct 20 13:43:28 cloud-init: #############################################################
-----BEGIN SSH HOST KEY KEYS-----
ecdsa-sha2-nistp256 AAAAE2VjZHNhLXNoYTItbmlzdHAyNTYAAAAIbmlzdHAyNTYAAABBBJizIAyhr/b6tdyqnpuqlBpbS3tbZrOVGMHbkcBWBGFdM0WuD7rr0KkGLZJG9CMtdLVuOIsnNje8wjFyCRWEtt4= root@ubuntu-bionic
ssh-ed25519 AAAAC3NzaC1lZDI1NTE5AAAAIFrQQR0vILLOmYpQpueRZ+yQpPI5OlPyvTx3vXluVGS8 root@ubuntu-bionic
ssh-rsa AAAAB3NzaC1yc2EAAAADAQABAAABAQDgIeSjvd4fPEoQ1y8KZV9ZNCfk3mVk4X2uJvIaeAh5M3voOkEjCiyz46hXeL1bwM+VgFG2pA+c49+aYs8SXuEChqUJwHo77s5ac0rxlv8ZLfw2SENTq1NM5s/cVTmsk3HYYRV/kQ2lot8k/0A2pMeL28IPF9yrdvVl0biTuH2kfe5mDvbYEDSFHCpQlI6+04kAbMtAkh364+AorEF6Vi4hPbVq7KM9nmUxRGjKFyV22iR7ZkeTCsvypzA8bNeQydsDrxwXOUFNDjB0h8H9445OQYbHm5VW9KmIHXpzhSOxyniacX2eEItGFGsRXCDpe1E5o3JCwUWvaqe+WM+5lnjL root@ubuntu-bionic
-----END SSH HOST KEY KEYS-----
[   25.751924] cloud-init[1886]: Cloud-init v. 22.3.4-0ubuntu1~18.04.1 running 'modules:final' at Thu, 20 Oct 2022 13:43:28 +0000. Up 25.55 seconds.
[   25.753050] cloud-init[1886]: Cloud-init v. 22.3.4-0ubuntu1~18.04.1 finished at Thu, 20 Oct 2022 13:43:28 +0000. Datasource DataSourceNoCloud [seed=/dev/sdb][dsmode=net].  Up 25.73 seconds
